2026-06-20 12:37:12,928 | src.data_handling.create_windows | INFO | Building windows: mode=stats | window_size=20 | stride=5
2026-06-20 12:37:12,930 | src.data_handling.create_windows | INFO | Input dataframe shape=(98000, 56)
2026-06-20 12:37:12,939 | src.data_handling.create_windows | INFO | Found 196 simulation groups
2026-06-20 12:37:14,539 | src.data_handling.create_windows | INFO | Window dataset shape=(19012, 208)
2026-06-20 12:37:14,540 | src.data_handling.create_windows | INFO | Generated 19012 windows with 208 features
2026-06-20 12:37:14,546 | src.data_handling.create_windows | INFO | Class distribution: normal=9312 anomalous=9700
2026-06-20 12:46:23,239 | src.data_handling.data_loader | INFO | Loading binary TEP dataset using random_state=42
2026-06-20 12:46:23,971 | src.data_handling.data_loader | INFO | Selected 120 simulation IDs from 500 available in TEP_FaultFree_Training_Proc.csv.
2026-06-20 12:46:36,425 | src.data_handling.data_loader | INFO | Selected 6 simulation IDs from 500 available in TEP_Faulty_Training_Proc.csv.
2026-06-20 12:46:36,425 | src.data_handling.data_loader | INFO | Loading TEP_FaultFree_Training_Proc.csv (120 simulations)
2026-06-20 12:46:38,567 | src.data_handling.data_loader | INFO | Loaded 60000 rows from TEP_FaultFree_Training_Proc.csv
2026-06-20 12:46:38,568 | src.data_handling.data_loader | INFO | Loading TEP_Faulty_Training_Proc.csv (6 simulations)
2026-06-20 12:47:17,462 | src.data_handling.data_loader | INFO | Loaded 60000 rows from TEP_Faulty_Training_Proc.csv
2026-06-20 12:47:17,474 | src.data_handling.data_loader | INFO | Train/validation dataset shape=(120000, 56)
2026-06-20 12:47:17,475 | src.data_handling.data_loader | INFO | Identified 52 feature columns
2026-06-20 12:47:17,475 | src.data_handling.data_loader | INFO | Using 52 feature columns
2026-06-20 12:47:17,477 | src.data_handling.data_loader | INFO | Splitting dataset into train and validation sets (val_ratio=0.20)
2026-06-20 12:47:17,495 | src.data_handling.data_loader | INFO | Label 0: 120 simulations -> train=96 val=24
2026-06-20 12:47:17,518 | src.data_handling.data_loader | INFO | Label 1: 6 simulations -> train=5 val=1
2026-06-20 12:47:17,544 | src.data_handling.data_loader | INFO | Split complete. Train shape=(98000, 56) | Validation shape=(22000, 56)
2026-06-20 12:47:17,546 | src.data_handling.data_loader | INFO | Train shape=(98000, 56) | Validation shape=(22000, 56)
2026-06-20 12:47:18,771 | src.data_handling.data_loader | INFO | Selected 60 simulation IDs from 500 available in TEP_FaultFree_Testing_Proc.csv.
2026-06-20 12:47:43,827 | src.data_handling.data_loader | INFO | Selected 3 simulation IDs from 500 available in TEP_Faulty_Testing_Proc.csv.
2026-06-20 12:47:43,828 | src.data_handling.data_loader | INFO | Loading TEP_FaultFree_Testing_Proc.csv (60 simulations)
2026-06-20 12:47:47,706 | src.data_handling.data_loader | INFO | Loaded 57600 rows from TEP_FaultFree_Testing_Proc.csv
2026-06-20 12:47:47,708 | src.data_handling.data_loader | INFO | Loading TEP_Faulty_Testing_Proc.csv (3 simulations)
2026-06-20 12:49:19,120 | src.data_handling.data_loader | INFO | Loaded 57600 rows from TEP_Faulty_Testing_Proc.csv
2026-06-20 12:49:19,134 | src.data_handling.data_loader | INFO | Test shape=(115200, 56)
2026-06-20 12:49:19,135 | src.data_handling.data_loader | INFO | Dataset loading pipeline completed successfully
2026-06-20 12:53:15,862 | src.data_handling.create_windows | INFO | Building windows: mode=stats | window_size=20 | stride=5
2026-06-20 12:53:15,863 | src.data_handling.create_windows | INFO | Input dataframe shape=(98000, 56)
2026-06-20 12:53:15,867 | src.data_handling.create_windows | INFO | Found 196 simulation groups
2026-06-20 12:53:17,720 | src.data_handling.create_windows | INFO | Window dataset shape=(19012, 208)
2026-06-20 12:53:17,721 | src.data_handling.create_windows | INFO | Generated 19012 windows with 208 features
2026-06-20 12:53:17,722 | src.data_handling.create_windows | INFO | Class distribution: normal=9312 anomalous=9700
2026-06-20 12:54:06,798 | src.data_handling.create_windows | INFO | Building windows: mode=stats | window_size=20 | stride=5
2026-06-20 12:54:06,798 | src.data_handling.create_windows | INFO | Input dataframe shape=(98000, 56)
2026-06-20 12:54:06,804 | src.data_handling.create_windows | INFO | Found 196 simulation groups
2026-06-20 12:54:08,354 | src.data_handling.create_windows | INFO | Window dataset shape=(19012, 208)
2026-06-20 12:54:08,355 | src.data_handling.create_windows | INFO | Generated 19012 windows with 208 features
2026-06-20 12:54:08,356 | src.data_handling.create_windows | INFO | Class distribution: normal=9312 anomalous=9700
2026-06-20 12:54:45,094 | src.data_handling.create_windows | INFO | Building windows: mode=stats | window_size=20 | stride=5
2026-06-20 12:54:45,095 | src.data_handling.create_windows | INFO | Input dataframe shape=(98000, 56)
2026-06-20 12:54:45,103 | src.data_handling.create_windows | INFO | Found 196 simulation groups
2026-06-20 12:54:46,747 | src.data_handling.create_windows | INFO | Window dataset shape=(19012, 208)
2026-06-20 12:54:46,748 | src.data_handling.create_windows | INFO | Generated 19012 windows with 208 features
2026-06-20 12:54:46,748 | src.data_handling.create_windows | INFO | Class distribution: normal=9312 anomalous=9700
2026-06-20 12:55:16,920 | src.data_handling.create_windows | INFO | Building windows: mode=stats | window_size=20 | stride=5
2026-06-20 12:55:16,921 | src.data_handling.create_windows | INFO | Input dataframe shape=(98000, 56)
2026-06-20 12:55:16,926 | src.data_handling.create_windows | INFO | Found 196 simulation groups
2026-06-20 12:55:18,761 | src.data_handling.create_windows | INFO | Window dataset shape=(19012, 208)
2026-06-20 12:55:18,762 | src.data_handling.create_windows | INFO | Generated 19012 windows with 208 features
2026-06-20 12:55:18,763 | src.data_handling.create_windows | INFO | Class distribution: normal=9312 anomalous=9700
2026-06-20 12:55:39,237 | src.data_handling.create_windows | INFO | Building windows: mode=stats | window_size=20 | stride=5
2026-06-20 12:55:39,238 | src.data_handling.create_windows | INFO | Input dataframe shape=(98000, 56)
2026-06-20 12:55:39,245 | src.data_handling.create_windows | INFO | Found 196 simulation groups
2026-06-20 12:55:41,198 | src.data_handling.create_windows | INFO | Window dataset shape=(19012, 208)
2026-06-20 12:55:41,198 | src.data_handling.create_windows | INFO | Generated 19012 windows with 208 features
2026-06-20 12:55:41,199 | src.data_handling.create_windows | INFO | Class distribution: normal=9312 anomalous=9700
2026-06-20 12:55:57,103 | src.data_handling.create_windows | INFO | Building windows: mode=stats | window_size=20 | stride=5
2026-06-20 12:55:57,105 | src.data_handling.create_windows | INFO | Input dataframe shape=(98000, 56)
2026-06-20 12:55:57,114 | src.data_handling.create_windows | INFO | Found 196 simulation groups
2026-06-20 12:55:58,868 | src.data_handling.create_windows | INFO | Window dataset shape=(19012, 208)
2026-06-20 12:55:58,869 | src.data_handling.create_windows | INFO | Generated 19012 windows with 208 features
2026-06-20 12:55:58,870 | src.data_handling.create_windows | INFO | Class distribution: normal=9312 anomalous=9700
2026-06-20 12:56:26,509 | src.data_handling.data_loader | INFO | Loading binary TEP dataset using random_state=42
2026-06-20 12:56:27,334 | src.data_handling.data_loader | INFO | Selected 120 simulation IDs from 500 available in TEP_FaultFree_Training_Proc.csv.
2026-06-20 12:56:43,211 | src.data_handling.data_loader | INFO | Selected 6 simulation IDs from 500 available in TEP_Faulty_Training_Proc.csv.
2026-06-20 12:56:43,212 | src.data_handling.data_loader | INFO | Loading TEP_FaultFree_Training_Proc.csv (120 simulations)
2026-06-20 12:56:45,490 | src.data_handling.data_loader | INFO | Loaded 60000 rows from TEP_FaultFree_Training_Proc.csv
2026-06-20 12:56:45,491 | src.data_handling.data_loader | INFO | Loading TEP_Faulty_Training_Proc.csv (6 simulations)
2026-06-20 12:57:28,425 | src.data_handling.data_loader | INFO | Loaded 60000 rows from TEP_Faulty_Training_Proc.csv
2026-06-20 12:57:28,435 | src.data_handling.data_loader | INFO | Train/validation dataset shape=(120000, 56)
2026-06-20 12:57:28,436 | src.data_handling.data_loader | INFO | Identified 52 feature columns
2026-06-20 12:57:28,437 | src.data_handling.data_loader | INFO | Using 52 feature columns
2026-06-20 12:57:28,437 | src.data_handling.data_loader | INFO | Splitting dataset into train and validation sets (val_ratio=0.20)
2026-06-20 12:57:28,455 | src.data_handling.data_loader | INFO | Label 0: 120 simulations -> train=96 val=24
2026-06-20 12:57:28,475 | src.data_handling.data_loader | INFO | Label 1: 6 simulations -> train=5 val=1
2026-06-20 12:57:28,497 | src.data_handling.data_loader | INFO | Split complete. Train shape=(98000, 56) | Validation shape=(22000, 56)
2026-06-20 12:57:28,498 | src.data_handling.data_loader | INFO | Train shape=(98000, 56) | Validation shape=(22000, 56)
2026-06-20 12:57:29,643 | src.data_handling.data_loader | INFO | Selected 60 simulation IDs from 500 available in TEP_FaultFree_Testing_Proc.csv.
2026-06-20 12:57:54,513 | src.data_handling.data_loader | INFO | Selected 3 simulation IDs from 500 available in TEP_Faulty_Testing_Proc.csv.
2026-06-20 12:57:54,513 | src.data_handling.data_loader | INFO | Loading TEP_FaultFree_Testing_Proc.csv (60 simulations)
2026-06-20 12:57:58,737 | src.data_handling.data_loader | INFO | Loaded 57600 rows from TEP_FaultFree_Testing_Proc.csv
2026-06-20 12:57:58,738 | src.data_handling.data_loader | INFO | Loading TEP_Faulty_Testing_Proc.csv (3 simulations)
2026-06-20 12:59:16,443 | src.data_handling.data_loader | INFO | Loaded 57600 rows from TEP_Faulty_Testing_Proc.csv
2026-06-20 12:59:16,459 | src.data_handling.data_loader | INFO | Test shape=(115200, 56)
2026-06-20 12:59:16,460 | src.data_handling.data_loader | INFO | Dataset loading pipeline completed successfully
2026-06-22 11:01:37,889 | src.data_handling.data_loader | INFO | Loading binary TEP dataset using random_state=42
2026-06-22 11:01:38,723 | src.data_handling.data_loader | INFO | Selected 120 simulation IDs from 500 available in TEP_FaultFree_Training_Proc.csv.
2026-06-22 11:01:52,183 | src.data_handling.data_loader | INFO | Selected 6 simulation IDs from 500 available in TEP_Faulty_Training_Proc.csv.
2026-06-22 11:01:52,184 | src.data_handling.data_loader | INFO | Loading TEP_FaultFree_Training_Proc.csv (120 simulations)
2026-06-22 11:01:54,642 | src.data_handling.data_loader | INFO | Loaded 60000 rows from TEP_FaultFree_Training_Proc.csv
2026-06-22 11:01:54,646 | src.data_handling.data_loader | INFO | Loading TEP_Faulty_Training_Proc.csv (6 simulations)
2026-06-22 11:02:38,860 | src.data_handling.data_loader | INFO | Loaded 60000 rows from TEP_Faulty_Training_Proc.csv
2026-06-22 11:02:38,874 | src.data_handling.data_loader | INFO | Train/validation dataset shape=(120000, 56)
2026-06-22 11:02:38,874 | src.data_handling.data_loader | INFO | Identified 52 feature columns
2026-06-22 11:02:38,875 | src.data_handling.data_loader | INFO | Using 52 feature columns
2026-06-22 11:02:38,877 | src.data_handling.data_loader | INFO | Splitting dataset into train and validation sets (val_ratio=0.20)
2026-06-22 11:02:38,896 | src.data_handling.data_loader | INFO | Label 0: 120 simulations -> train=96 val=24
2026-06-22 11:02:38,916 | src.data_handling.data_loader | INFO | Label 1: 6 simulations -> train=5 val=1
2026-06-22 11:02:38,939 | src.data_handling.data_loader | INFO | Split complete. Train shape=(98000, 56) | Validation shape=(22000, 56)
2026-06-22 11:02:38,940 | src.data_handling.data_loader | INFO | Train shape=(98000, 56) | Validation shape=(22000, 56)
2026-06-22 11:02:40,209 | src.data_handling.data_loader | INFO | Selected 60 simulation IDs from 500 available in TEP_FaultFree_Testing_Proc.csv.
2026-06-22 11:03:04,597 | src.data_handling.data_loader | INFO | Selected 3 simulation IDs from 500 available in TEP_Faulty_Testing_Proc.csv.
2026-06-22 11:03:04,597 | src.data_handling.data_loader | INFO | Loading TEP_FaultFree_Testing_Proc.csv (60 simulations)
2026-06-22 11:03:09,356 | src.data_handling.data_loader | INFO | Loaded 57600 rows from TEP_FaultFree_Testing_Proc.csv
2026-06-22 11:03:09,358 | src.data_handling.data_loader | INFO | Loading TEP_Faulty_Testing_Proc.csv (3 simulations)
2026-06-22 11:04:31,569 | src.data_handling.data_loader | INFO | Loaded 57600 rows from TEP_Faulty_Testing_Proc.csv
2026-06-22 11:04:31,580 | src.data_handling.data_loader | INFO | Test shape=(115200, 56)
2026-06-22 11:04:31,580 | src.data_handling.data_loader | INFO | Dataset loading pipeline completed successfully
2026-06-22 11:06:10,893 | src.data_handling.create_windows | INFO | Building windows: mode=stats | window_size=20 | stride=5
2026-06-22 11:06:10,894 | src.data_handling.create_windows | INFO | Input dataframe shape=(98000, 56)
2026-06-22 11:06:10,904 | src.data_handling.create_windows | INFO | Found 196 simulation groups
2026-06-22 11:06:12,626 | src.data_handling.create_windows | INFO | Window dataset shape=(19012, 208)
2026-06-22 11:06:12,627 | src.data_handling.create_windows | INFO | Generated 19012 windows with 208 features
2026-06-22 11:06:12,634 | src.data_handling.create_windows | INFO | Class distribution: normal=9312 anomalous=9700
2026-06-22 11:06:34,647 | src.data_handling.create_windows | INFO | Building windows: mode=stats | window_size=20 | stride=5
2026-06-22 11:06:34,648 | src.data_handling.create_windows | INFO | Input dataframe shape=(98000, 56)
2026-06-22 11:06:34,656 | src.data_handling.create_windows | INFO | Found 196 simulation groups
2026-06-22 11:06:36,410 | src.data_handling.create_windows | INFO | Window dataset shape=(19012, 208)
2026-06-22 11:06:36,411 | src.data_handling.create_windows | INFO | Generated 19012 windows with 208 features
2026-06-22 11:06:36,412 | src.data_handling.create_windows | INFO | Class distribution: normal=9312 anomalous=9700
2026-06-22 11:06:43,904 | src.data_handling.create_windows | INFO | Building windows: mode=stats | window_size=20 | stride=5
2026-06-22 11:06:43,905 | src.data_handling.create_windows | INFO | Input dataframe shape=(98000, 56)
2026-06-22 11:06:43,911 | src.data_handling.create_windows | INFO | Found 196 simulation groups
2026-06-22 11:06:45,571 | src.data_handling.create_windows | INFO | Window dataset shape=(19012, 208)
2026-06-22 11:06:45,572 | src.data_handling.create_windows | INFO | Generated 19012 windows with 208 features
2026-06-22 11:06:45,573 | src.data_handling.create_windows | INFO | Class distribution: normal=9312 anomalous=9700
